.........X#......
.........#X......
.........#x......
.........#.......
....Xxx####......
....x..#.###.....
....x.....###....
....#......#x....
:XX#X......x.....
x...........#.xX.
x...........XXx:x
X...............x
.X..............x
x#.............X.
#.......#......x.
#.......Xx#....X.
.X#x:...X.:...X..
...##XxX#..#X#x..
